MPLINK 5.09, LINKER
Linker Map File - Created Tue Jul 21 11:12:45 2020

                                 Section Info
                  Section       Type    Address   Location Size(Bytes)
                ---------  ---------  ---------  ---------  ---------
                   .org_0       code   0x000000    program   0x0000c6
                   .cinit    romdata   0x000063    program   0x000004



                              Program Memory Usage 
                               Start         End      
                           ---------   ---------      
                            0x000000    0x000064      
            101 out of 8454 program addresses used, program memory utilization is 1%



                              Symbols - Sorted by Name
                     Name    Address   Location    Storage File                     
                ---------  ---------  ---------  --------- ---------                
                    delay   0x00005b    program     static E:\ALDO\Kuliah\Semester 4\Bahasa Assembly\7 segment\7_Segment.X\main.asm
               delay_loop   0x00005e    program     static E:\ALDO\Kuliah\Semester 4\Bahasa Assembly\7 segment\7_Segment.X\main.asm
                     loop   0x00000e    program     static E:\ALDO\Kuliah\Semester 4\Bahasa Assembly\7 segment\7_Segment.X\main.asm
              scan_keypad   0x00001a    program     static E:\ALDO\Kuliah\Semester 4\Bahasa Assembly\7 segment\7_Segment.X\main.asm
                 tampil_0   0x00003d    program     static E:\ALDO\Kuliah\Semester 4\Bahasa Assembly\7 segment\7_Segment.X\main.asm
                 tampil_1   0x000040    program     static E:\ALDO\Kuliah\Semester 4\Bahasa Assembly\7 segment\7_Segment.X\main.asm
                 tampil_2   0x000043    program     static E:\ALDO\Kuliah\Semester 4\Bahasa Assembly\7 segment\7_Segment.X\main.asm
                 tampil_3   0x000046    program     static E:\ALDO\Kuliah\Semester 4\Bahasa Assembly\7 segment\7_Segment.X\main.asm
                 tampil_4   0x000049    program     static E:\ALDO\Kuliah\Semester 4\Bahasa Assembly\7 segment\7_Segment.X\main.asm
                 tampil_5   0x00004c    program     static E:\ALDO\Kuliah\Semester 4\Bahasa Assembly\7 segment\7_Segment.X\main.asm
                 tampil_6   0x00004f    program     static E:\ALDO\Kuliah\Semester 4\Bahasa Assembly\7 segment\7_Segment.X\main.asm
                 tampil_7   0x000052    program     static E:\ALDO\Kuliah\Semester 4\Bahasa Assembly\7 segment\7_Segment.X\main.asm
                 tampil_8   0x000055    program     static E:\ALDO\Kuliah\Semester 4\Bahasa Assembly\7 segment\7_Segment.X\main.asm
                 tampil_9   0x000058    program     static E:\ALDO\Kuliah\Semester 4\Bahasa Assembly\7 segment\7_Segment.X\main.asm



                              Symbols - Sorted by Address
                     Name    Address   Location    Storage File                     
                ---------  ---------  ---------  --------- ---------                
                     loop   0x00000e    program     static E:\ALDO\Kuliah\Semester 4\Bahasa Assembly\7 segment\7_Segment.X\main.asm
              scan_keypad   0x00001a    program     static E:\ALDO\Kuliah\Semester 4\Bahasa Assembly\7 segment\7_Segment.X\main.asm
                 tampil_0   0x00003d    program     static E:\ALDO\Kuliah\Semester 4\Bahasa Assembly\7 segment\7_Segment.X\main.asm
                 tampil_1   0x000040    program     static E:\ALDO\Kuliah\Semester 4\Bahasa Assembly\7 segment\7_Segment.X\main.asm
                 tampil_2   0x000043    program     static E:\ALDO\Kuliah\Semester 4\Bahasa Assembly\7 segment\7_Segment.X\main.asm
                 tampil_3   0x000046    program     static E:\ALDO\Kuliah\Semester 4\Bahasa Assembly\7 segment\7_Segment.X\main.asm
                 tampil_4   0x000049    program     static E:\ALDO\Kuliah\Semester 4\Bahasa Assembly\7 segment\7_Segment.X\main.asm
                 tampil_5   0x00004c    program     static E:\ALDO\Kuliah\Semester 4\Bahasa Assembly\7 segment\7_Segment.X\main.asm
                 tampil_6   0x00004f    program     static E:\ALDO\Kuliah\Semester 4\Bahasa Assembly\7 segment\7_Segment.X\main.asm
                 tampil_7   0x000052    program     static E:\ALDO\Kuliah\Semester 4\Bahasa Assembly\7 segment\7_Segment.X\main.asm
                 tampil_8   0x000055    program     static E:\ALDO\Kuliah\Semester 4\Bahasa Assembly\7 segment\7_Segment.X\main.asm
                 tampil_9   0x000058    program     static E:\ALDO\Kuliah\Semester 4\Bahasa Assembly\7 segment\7_Segment.X\main.asm
                    delay   0x00005b    program     static E:\ALDO\Kuliah\Semester 4\Bahasa Assembly\7 segment\7_Segment.X\main.asm
               delay_loop   0x00005e    program     static E:\ALDO\Kuliah\Semester 4\Bahasa Assembly\7 segment\7_Segment.X\main.asm


